┌ log-display-test - test command ─────────────────────────────────────────────┐
│1 Line 1: Starting process                                                    │
│2 Line 2: Processing...                                                       │
│3 Line 3: Complete                                                            │
│                                                                              │
│                                                                              │
│                                                                              │
│                                                                              │
│                                                                              │
│                                                                              │
│                                                                              │
│                                                                              │
├──────────────────────────────────────────────────────────────────────────────┤
│ j/k:Scroll  h/l:Horizontal  gg/G:Top/Bottom  Esc:Back  q:Quit                │
└──────────────────────────────────────────────────────────────────────────────┘
