┌ Process Details ─────────────────────────────────────────────────────────────┐
│Task ID: test-task-id                                                         │
│Command: echo hello world                                                     │
│PID: 5678 | PGID: 5678                                                        │
│Started: 2001-09-09 01:46:40                                                  │
│Directory: /tmp/test                                                          │
└──────────────────────────────────────────────────────────────────────────────┘
┌ Listening Ports ─────────────────────────────────────────────────────────────┐
│Process not running                                                           │
│                                                                              │
│                                                                              │
└──────────────────────────────────────────────────────────────────────────────┘
┌ Environment Variables ───────────────────────────────────────────────────────┐
│TEST_VAR=test_value                                                           │
│                                                                              │
│                                                                              │
├──────────────────────────────────────────────────────────────────────────────┤
│[l] View logs  [c] Copy command  [j/k] Scroll  [C-d/C-u] Page  [q/Esc] Back to│
└──────────────────────────────────────────────────────────────────────────────┘
