┌ Process Details ─────────────────────────────────────────────────────────────┐
│Task ID: abc12345-6789-1234-5678-123456789abc                                 │
│Command: npm run dev                                                          │
│Status: running (13286h 37m 4s)                                              │
│PID: 12345 | PGID: 12345                                                      │
│Directory: /home/user/projects/myapp                                          │
└──────────────────────────────────────────────────────────────────────────────┘
┌ Environment Variables ───────────────────────────────────────────────────────┐
│NODE_ENV=development                                                          │
│PORT=3000                                                                     │
│DATABASE_URL=postgresql://localhost:5432/mydb                                 │
│API_KEY=secret123                                                             │
│DEBUG=true                                                                    │
│LOG_LEVEL=verbose                                                             │
│                                                                              │
│                                                                              │
│                                                                              │
├──────────────────────────────────────────────────────────────────────────────┤
│          [q] Quit  [Esc] Back to list  [j/k] Scroll  [C-d/C-u] Page          │
└──────────────────────────────────────────────────────────────────────────────┘
