┌ Ghost v0.2.0 [Filter: All] ─────────────────────────────────────────────┐
│ Star  ID    PID   Statu  Dura  Port  Dire  Command                      │
│ 2024  abc1  1234  runni  632d  -     -     echo hello                   │
│ 2024  def6  6789  exite  1m0s  -     -     cargo build                  │
│ 2024  ghi1  1111  kille  1m0s  -     -     python script.py             │
│                                                                         │
│                                                                         │
│                                                                         │
│                                                                         │
├─────────────────────────────────────────────────────────────────────────┤
│ j/k:Move  g/G:Top/Bot  Enter:Log  d:Details  o:Open  r:Restart  R:Rerun │
└─────────────────────────────────────────────────────────────────────────┘
