┌ Ghost TUI v0.0.1 [Filter: All] ─────────────────────────────────────────┐
│ ID       PID      Status    Started            Command                  │
│                                                                         │
│         No tasks                                                        │
│                                                                         │
│                                                                         │
│                                                                         │
│                                                                         │
│                                                                         │
├─────────────────────────────────────────────────────────────────────────┤
│ j/k:Move  l:Log  q:Quit  g/G:Top/Bottom                                 │
└─────────────────────────────────────────────────────────────────────────┘
